// Jest Snapshot v1, https://goo.gl/fbAQLP

exports[`renders correctly 1`] = `
<View
  style={
    Object {
      "flexDirection": "row",
    }
  }
/>
`;

exports[`renders correctly 2`] = `
<Text
  accessible={true}
  allowFontScaling={true}
  disabled={false}
  ellipsizeMode="tail"
  style={
    Object {
      "fontSize": 18,
    }
  }
  textAlign="left"
/>
`;
